../Mid/dmp/inv_mpu_dmp_motion_driver.c:509:5:dmp_load_motion_driver_firmware	8	static
../Mid/dmp/inv_mpu_dmp_motion_driver.c:522:5:dmp_set_orientation	40	static
../Mid/dmp/inv_mpu_dmp_motion_driver.c:577:5:dmp_set_gyro_bias	80	static
../Mid/dmp/inv_mpu_dmp_motion_driver.c:629:5:dmp_set_accel_bias	112	static
../Mid/dmp/inv_mpu_dmp_motion_driver.c:681:5:dmp_set_fifo_rate	40	static
../Mid/dmp/inv_mpu_dmp_motion_driver.c:707:5:dmp_get_fifo_rate	16	static
../Mid/dmp/inv_mpu_dmp_motion_driver.c:719:5:dmp_set_tap_thresh	32	static
../Mid/dmp/inv_mpu_dmp_motion_driver.c:785:5:dmp_set_tap_axes	24	static
../Mid/dmp/inv_mpu_dmp_motion_driver.c:803:5:dmp_set_tap_count	24	static
../Mid/dmp/inv_mpu_dmp_motion_driver.c:821:5:dmp_set_tap_time	24	static
../Mid/dmp/inv_mpu_dmp_motion_driver.c:837:5:dmp_set_tap_time_multi	24	static
../Mid/dmp/inv_mpu_dmp_motion_driver.c:855:5:dmp_set_shake_reject_thresh	24	static
../Mid/dmp/inv_mpu_dmp_motion_driver.c:874:5:dmp_set_shake_reject_time	24	static
../Mid/dmp/inv_mpu_dmp_motion_driver.c:892:5:dmp_set_shake_reject_timeout	24	static
../Mid/dmp/inv_mpu_dmp_motion_driver.c:907:5:dmp_get_pedometer_step_count	24	static
../Mid/dmp/inv_mpu_dmp_motion_driver.c:928:5:dmp_set_pedometer_step_count	24	static
../Mid/dmp/inv_mpu_dmp_motion_driver.c:944:5:dmp_get_pedometer_walk_time	24	static
../Mid/dmp/inv_mpu_dmp_motion_driver.c:964:5:dmp_set_pedometer_walk_time	24	static
../Mid/dmp/inv_mpu_dmp_motion_driver.c:994:5:dmp_enable_feature	32	static
../Mid/dmp/inv_mpu_dmp_motion_driver.c:1116:5:dmp_get_enabled_features	16	static
../Mid/dmp/inv_mpu_dmp_motion_driver.c:1131:5:dmp_enable_gyro_cal	40	static
../Mid/dmp/inv_mpu_dmp_motion_driver.c:1149:5:dmp_enable_lp_quat	24	static
../Mid/dmp/inv_mpu_dmp_motion_driver.c:1173:5:dmp_enable_6x_lp_quat	24	static
../Mid/dmp/inv_mpu_dmp_motion_driver.c:1194:12:decode_gesture	24	static
../Mid/dmp/inv_mpu_dmp_motion_driver.c:1226:5:dmp_set_interrupt_mode	40	static
../Mid/dmp/inv_mpu_dmp_motion_driver.c:1265:5:dmp_read_fifo	80	static
../Mid/dmp/inv_mpu_dmp_motion_driver.c:1358:5:dmp_register_tap_cb	16	static
../Mid/dmp/inv_mpu_dmp_motion_driver.c:1369:5:dmp_register_android_orient_cb	16	static
