../Mid/dmp/inv_mpu.c:643:12:set_int_enable	24	static
../Mid/dmp/inv_mpu.c:675:5:mpu_reg_dump	16	static
../Mid/dmp/inv_mpu.c:697:5:mpu_read_reg	16	static
../Mid/dmp/inv_mpu.c:719:5:mpu_init	24	static
../Mid/dmp/inv_mpu.c:813:5:mpu_lp_accel_mode	24	static
../Mid/dmp/inv_mpu.c:897:5:mpu_get_gyro_reg	24	static
../Mid/dmp/inv_mpu.c:920:5:mpu_get_accel_reg	24	static
../Mid/dmp/inv_mpu.c:943:5:mpu_get_temperature	24	static
../Mid/dmp/inv_mpu.c:969:5:mpu_read_6500_accel_bias	24	static
../Mid/dmp/inv_mpu.c:991:5:mpu_read_6050_accel_bias	24	static
../Mid/dmp/inv_mpu.c:1005:5:mpu_read_6500_gyro_bias	24	static
../Mid/dmp/inv_mpu.c:1027:5:mpu_set_gyro_bias_reg	32	static
../Mid/dmp/inv_mpu.c:1057:5:mpu_set_accel_bias_6050_reg	40	static
../Mid/dmp/inv_mpu.c:1095:5:mpu_set_accel_bias_6500_reg	40	static
../Mid/dmp/inv_mpu.c:1129:5:mpu_reset_fifo	16	static
../Mid/dmp/inv_mpu.c:1191:5:mpu_get_gyro_fsr	16	static
../Mid/dmp/inv_mpu.c:1218:5:mpu_set_gyro_fsr	24	static
../Mid/dmp/inv_mpu.c:1255:5:mpu_get_accel_fsr	16	static
../Mid/dmp/inv_mpu.c:1283:5:mpu_set_accel_fsr	24	static
../Mid/dmp/inv_mpu.c:1320:5:mpu_get_lpf	16	static
../Mid/dmp/inv_mpu.c:1356:5:mpu_set_lpf	24	static
../Mid/dmp/inv_mpu.c:1389:5:mpu_get_sample_rate	16	static
../Mid/dmp/inv_mpu.c:1404:5:mpu_set_sample_rate	24	static
../Mid/dmp/inv_mpu.c:1451:5:mpu_get_compass_sample_rate	16	static
../Mid/dmp/inv_mpu.c:1473:5:mpu_set_compass_sample_rate	16	static
../Mid/dmp/inv_mpu.c:1495:5:mpu_get_gyro_sens	16	static
../Mid/dmp/inv_mpu.c:1521:5:mpu_get_accel_sens	16	static
../Mid/dmp/inv_mpu.c:1553:5:mpu_get_fifo_config	16	static
../Mid/dmp/inv_mpu.c:1568:5:mpu_configure_fifo	24	static
../Mid/dmp/inv_mpu.c:1610:5:mpu_get_power_state	16	static
../Mid/dmp/inv_mpu.c:1629:5:mpu_set_sensors	24	static
../Mid/dmp/inv_mpu.c:1706:5:mpu_get_int_status	24	static
../Mid/dmp/inv_mpu.c:1735:5:mpu_read_fifo	48	static
../Mid/dmp/inv_mpu.c:1816:5:mpu_read_fifo_stream	32	static
../Mid/dmp/inv_mpu.c:1854:5:mpu_set_bypass	24	static
../Mid/dmp/inv_mpu.c:1904:5:mpu_set_int_level	16	static
../Mid/dmp/inv_mpu.c:1916:5:mpu_set_int_latched	24	static
../Mid/dmp/inv_mpu.c:1937:12:get_accel_prod_shift	32	static
../Mid/dmp/inv_mpu.c:1962:12:accel_self_test	48	static
../Mid/dmp/inv_mpu.c:1982:12:gyro_self_test	40	static
../Mid/dmp/inv_mpu.c:2077:12:get_st_biases	256	static
../Mid/dmp/inv_mpu.c:2680:5:mpu_run_self_test	64	static
../Mid/dmp/inv_mpu.c:2784:5:mpu_write_mem	24	static
../Mid/dmp/inv_mpu.c:2817:5:mpu_read_mem	24	static
../Mid/dmp/inv_mpu.c:2849:5:mpu_load_firmware	48	static
../Mid/dmp/inv_mpu.c:2890:5:mpu_set_dmp_state	24	static
../Mid/dmp/inv_mpu.c:2929:5:mpu_get_dmp_state	16	static
../Mid/dmp/inv_mpu.c:3045:5:mpu_get_compass_reg	16	static
../Mid/dmp/inv_mpu.c:3098:5:mpu_get_compass_fsr	16	static
../Mid/dmp/inv_mpu.c:3146:5:mpu_lp_motion_interrupt	24	static
